// Jest Snapshot v1, https://jestjs.io/docs/snapshot-testing

exports[`Testing the Dashboard page 1`] = `
<div>
  <Connect(ExpenseFilterInput) />
  <Connect(ExpenseList) />
</div>
`;
