// Jest Snapshot v1, https://jestjs.io/docs/snapshot-testing

exports[`Testing the editExpensePage with Snapshot 1`] = `
<div>
  <div
    className="page-header"
  >
    <div
      className="content-container"
    >
      <div
        className="page-header__title"
      >
        Edit Expense
      </div>
    </div>
  </div>
  <div
    className="content-container"
  >
    <ExpenseForm
      buttonName="Save Expense"
      expense={
        {
          "amount": 1250,
          "createdAt": 0,
          "description": "Rent",
          "id": "1",
          "note": "",
        }
      }
      onSubmit={[Function]}
    />
    <button
      className="button-layout--secondary"
      onClick={[Function]}
    >
      Remove Expense
    </button>
  </div>
</div>
`;
