// Jest Snapshot v1, https://jestjs.io/docs/snapshot-testing

exports[`Testing the ExpenseList with no data 1`] = `
<div>
  <h1>
    ExpenseList
  </h1>
  <p>
    No Expense Found
  </p>
  <Component />
</div>
`;

exports[`Testing the ExpenseList with the required data 1`] = `
<div>
  <h1>
    ExpenseList
  </h1>
  <Component />
  <ExpenseListItem
    amount={1250}
    createdAt={0}
    description="Rent"
    id="1"
    key="1"
    note=""
  />
  <ExpenseListItem
    amount={1350}
    createdAt={-345600000}
    description="Gas Bill"
    id="2"
    key="2"
    note=""
  />
  <ExpenseListItem
    amount={1550}
    createdAt={345600000}
    description="Water Bill"
    id="3"
    key="3"
    note=""
  />
</div>
`;
