// Jest Snapshot v1, https://jestjs.io/docs/snapshot-testing

exports[`should render LoginPage correctly 1`] = `
<div
  className="box-layout"
>
  <div
    className="box-layout__box"
  >
    <h1
      className="box-layout__title"
    >
      Expensify
    </h1>
    <p>
      It's time to get your expenses under control
    </p>
    <button
      className="button-layout"
      onClick={[Function]}
    >
      Login With Google
    </button>
  </div>
</div>
`;
